// Jest Snapshot v1, https://goo.gl/fbAQLP

exports[`renders correctly 1`] = `
<View
  style={
    Object {
      "backgroundColor": "white",
      "flex": 1,
    }
  }
>
  <View
    style={
      Object {
        "backgroundColor": "rgba(255,110,13,1)",
        "height": 120,
        "opacity": 1,
      }
    }
  >
    <View
      style={
        Object {
          "height": 35,
          "left": 20,
          "position": "absolute",
          "right": 15,
          "top": 15,
        }
      }
    >
      <Text
        style={
          Object {
            "color": "rgba(236,236,236,1)",
          }
        }
      >
        
      </Text>
    </View>
    <View
      style={
        Object {
          "height": 20,
          "left": 0,
          "position": "absolute",
          "right": 0,
          "top": "45%",
        }
      }
    >
      <Text
        style={
          Object {
            "backgroundColor": "transparent",
            "color": "rgba(236,236,236,1)",
            "left": 20,
            "opacity": 0.8,
            "position": "absolute",
            "top": "5%",
          }
        }
      >
        
      </Text>
    </View>
  </View>
  <RCTScrollView
    data={Array []}
    getItem={[Function]}
    getItemCount={[Function]}
    keyExtractor={[Function]}
    onContentSizeChange={[Function]}
    onLayout={[Function]}
    onMomentumScrollBegin={[Function]}
    onMomentumScrollEnd={[Function]}
    onScroll={[Function]}
    onScrollBeginDrag={[Function]}
    onScrollEndDrag={[Function]}
    removeClippedSubviews={false}
    renderItem={[Function]}
    scrollEventThrottle={50}
    stickyHeaderIndices={Array []}
    style={
      Object {
        "height": "100%",
      }
    }
    testID="flatlist"
    viewabilityConfigCallbackPairs={Array []}
  >
    <View />
  </RCTScrollView>
</View>
`;
